   Γû▓ Next.js 16.0.10 (Turbopack)
   - Environments: .env.local

   Creating an optimized production build ...
 Γ£ô Compiled successfully in 7.7s
   Running TypeScript ...
   Collecting page data using 15 workers ...
Redis connected
Redis connected
Redis connected
Redis connected
Redis connected
Redis connected
Redis ready
Redis connected successfully
Redis ready
Redis connected successfully
Redis connected
Redis ready
Redis ready
Redis connected successfully
Redis connected successfully
Redis ready
Redis connected successfully
Redis connected
Redis ready
Redis connected successfully
Redis connected
Redis connected
Redis ready
Redis connected successfully
Redis ready
Redis connected successfully
Redis ready
Redis connected successfully
Redis ready
Redis connected successfully
Redis connected
Redis ready
Redis connected successfully
Redis connected
Redis ready
Redis connected successfully
Redis connected
Redis ready
Redis connected successfully
Redis connected
Redis ready
Redis connected successfully
Redis connected
Redis ready
Redis connected successfully
   Generating static pages using 15 workers (0/48) ...
Redis connected
   Generating static pages using 15 workers (12/48) 
Redis connected
   Generating static pages using 15 workers (24/48) 
Redis ready
Redis connected successfully
   Generating static pages using 15 workers (36/48) 
Redis ready
Redis connected successfully
 Γ£ô Generating static pages using 15 workers (48/48) in 982.8ms
   Finalizing page optimization ...

Route (app)
Γöî ╞Æ /
Γö£ ╞Æ /_not-found
Γö£ ╞Æ /admin
Γö£ ╞Æ /api
Γö£ ╞Æ /api/admin/category
Γö£ ╞Æ /api/admin/config
Γö£ ╞Æ /api/admin/config_file
Γö£ ╞Æ /api/admin/config_subscription/fetch
Γö£ ╞Æ /api/admin/data_migration/export
Γö£ ╞Æ /api/admin/data_migration/import
Γö£ ╞Æ /api/admin/live
Γö£ ╞Æ /api/admin/live/refresh
Γö£ ╞Æ /api/admin/reset
Γö£ ╞Æ /api/admin/site
Γö£ ╞Æ /api/admin/source
Γö£ ╞Æ /api/admin/source/validate
Γö£ ╞Æ /api/admin/user
Γö£ ╞Æ /api/change-password
Γö£ ╞Æ /api/cron
Γö£ ╞Æ /api/detail
Γö£ ╞Æ /api/douban
Γö£ ╞Æ /api/douban/categories
Γö£ ╞Æ /api/douban/recommends
Γö£ ╞Æ /api/favorites
Γö£ ╞Æ /api/image-proxy
Γö£ ╞Æ /api/live/channels
Γö£ ╞Æ /api/live/epg
Γö£ ╞Æ /api/live/precheck
Γö£ ╞Æ /api/live/sources
Γö£ ╞Æ /api/login
Γö£ ╞Æ /api/logout
Γö£ ╞Æ /api/playrecords
Γö£ ╞Æ /api/proxy/key
Γö£ ╞Æ /api/proxy/logo
Γö£ ╞Æ /api/proxy/m3u8
Γö£ ╞Æ /api/proxy/segment
Γö£ ╞Æ /api/proxy/spider.jar
Γö£ ╞Æ /api/register
Γö£ ╞Æ /api/search
Γö£ ╞Æ /api/search/one
Γö£ ╞Æ /api/search/resources
Γö£ ╞Æ /api/search/suggestions
Γö£ ╞Æ /api/search/ws
Γö£ ╞Æ /api/searchhistory
Γö£ ╞Æ /api/server-config
Γö£ ╞Æ /api/skipconfigs
Γö£ ╞Æ /api/spider
Γö£ ╞Æ /api/tvbox/config
Γö£ ╞Æ /api/tvbox/diagnose
Γö£ ╞Æ /api/tvbox/diagnosis
Γö£ ╞Æ /api/tvbox/health
Γö£ ╞Æ /api/tvbox/jar-diagnostic
Γö£ ╞Æ /api/tvbox/jar-test
Γö£ ╞Æ /api/tvbox/search
Γö£ ╞Æ /api/tvbox/spider-status
Γö£ ╞Æ /api/version/check
Γö£ ╞Æ /douban
Γö£ ╞Æ /live
Γö£ ╞Æ /login
Γö£ ╞Æ /play
Γö£ ╞Æ /register
Γö£ ╞Æ /search
Γöö ╞Æ /warning


╞Æ Proxy (Middleware)

╞Æ  (Dynamic)  server-rendered on demand

